Performing C++ SOURCE FILE Test CMAKE_HAVE_LIBC_PTHREAD failed with the following output:
Change Dir: /mnt/ssd/learning/tarscpp-study/tars-calculator-practice/build-debug/CMakeFiles/CMakeTmp

Run Build Command(s):/usr/bin/make cmTC_4762a/fast && /usr/bin/make -f CMakeFiles/cmTC_4762a.dir/build.make CMakeFiles/cmTC_4762a.dir/build
make[1]: Entering directory '/mnt/ssd/learning/tarscpp-study/tars-calculator-practice/build-debug/CMakeFiles/CMakeTmp'
Building CXX object CMakeFiles/cmTC_4762a.dir/src.cxx.o
/usr/bin/c++    -DCMAKE_HAVE_LIBC_PTHREAD   -std=c++14 -o CMakeFiles/cmTC_4762a.dir/src.cxx.o -c /mnt/ssd/learning/tarscpp-study/tars-calculator-practice/build-debug/CMakeFiles/CMakeTmp/src.cxx
Linking CXX executable cmTC_4762a
/usr/bin/cmake -E cmake_link_script CMakeFiles/cmTC_4762a.dir/link.txt --verbose=1
/usr/bin/c++   -DCMAKE_HAVE_LIBC_PTHREAD    CMakeFiles/cmTC_4762a.dir/src.cxx.o  -o cmTC_4762a 
/usr/bin/ld: CMakeFiles/cmTC_4762a.dir/src.cxx.o: in function `main':
src.cxx:(.text+0x46): undefined reference to `pthread_create'
/usr/bin/ld: src.cxx:(.text+0x52): undefined reference to `pthread_detach'
/usr/bin/ld: src.cxx:(.text+0x63): undefined reference to `pthread_join'
collect2: error: ld returned 1 exit status
make[1]: *** [CMakeFiles/cmTC_4762a.dir/build.make:87: cmTC_4762a] Error 1
make[1]: Leaving directory '/mnt/ssd/learning/tarscpp-study/tars-calculator-practice/build-debug/CMakeFiles/CMakeTmp'
make: *** [Makefile:121: cmTC_4762a/fast] Error 2


Source file was:
#include <pthread.h>

void* test_func(void* data)
{
  return data;
}

int main(void)
{
  pthread_t thread;
  pthread_create(&thread, NULL, test_func, NULL);
  pthread_detach(thread);
  pthread_join(thread, NULL);
  pthread_atfork(NULL, NULL, NULL);
  pthread_exit(NULL);

  return 0;
}

Determining if the function pthread_create exists in the pthreads failed with the following output:
Change Dir: /mnt/ssd/learning/tarscpp-study/tars-calculator-practice/build-debug/CMakeFiles/CMakeTmp

Run Build Command(s):/usr/bin/make cmTC_e168e/fast && /usr/bin/make -f CMakeFiles/cmTC_e168e.dir/build.make CMakeFiles/cmTC_e168e.dir/build
make[1]: Entering directory '/mnt/ssd/learning/tarscpp-study/tars-calculator-practice/build-debug/CMakeFiles/CMakeTmp'
Building CXX object CMakeFiles/cmTC_e168e.dir/CheckFunctionExists.cxx.o
/usr/bin/c++    -DCHECK_FUNCTION_EXISTS=pthread_create   -std=c++14 -o CMakeFiles/cmTC_e168e.dir/CheckFunctionExists.cxx.o -c /mnt/ssd/learning/tarscpp-study/tars-calculator-practice/build-debug/CMakeFiles/CheckLibraryExists/CheckFunctionExists.cxx
Linking CXX executable cmTC_e168e
/usr/bin/cmake -E cmake_link_script CMakeFiles/cmTC_e168e.dir/link.txt --verbose=1
/usr/bin/c++   -DCHECK_FUNCTION_EXISTS=pthread_create    CMakeFiles/cmTC_e168e.dir/CheckFunctionExists.cxx.o  -o cmTC_e168e  -lpthreads 
/usr/bin/ld: cannot find -lpthreads
collect2: error: ld returned 1 exit status
make[1]: *** [CMakeFiles/cmTC_e168e.dir/build.make:87: cmTC_e168e] Error 1
make[1]: Leaving directory '/mnt/ssd/learning/tarscpp-study/tars-calculator-practice/build-debug/CMakeFiles/CMakeTmp'
make: *** [Makefile:121: cmTC_e168e/fast] Error 2



